15	34
10	28
10	29
10	30
7	35
7	36
7	39
7	32
6	35
15	27
15	31
5	37
5	39
5	16
27	34
27	36
27	40
9	29
9	30
9	38
9	31
7	18
7	25
7	33
7	23
7	40
13	29
13	40
29	36
5	27
5	36
2	34
2	36
2	40
15	29
15	30
15	38
1	34
1	22
26	33
26	30
9	27
23	36
23	38
2	35
1	40
3	34
3	36
3	40
16	27
16	35
16	33
8	35
8	36
8	39
8	32
25	28
25	29
25	30
7	27
8	40
1	37
1	39
1	16
25	36
25	38
6	29
6	39
6	40
6	21
6	32
6	18
6	22
6	34
6	36
14	33
14	24
8	34
4	27
4	35
4	33
16	34
2	18
2	10
2	12
6	37
6	16
12	18
12	22
22	28
22	29
22	30
7	37
7	16
1	18
1	17
1	28
1	19
1	31
1	36
13	30
13	38
13	31
8	38
23	33
23	30
1	29
27	33
27	30
1	35
1	33
14	30
5	34
10	36
15	33
15	36
15	40
5	35
5	33
9	36
7	28
7	29
7	30
7	38
13	36
5	30
5	40
1	30
9	34
9	33
9	40
16	36
16	30
16	40
7	34
1	27
6	28
6	30
4	34
4	36
4	30
4	40
2	28
2	29
2	30
2	22
6	27
6	33
12	28
12	29
12	30
22	36
12	36
