M2	H2	F2
M4	H2	F2
M5	H2	F2
M6	H2	F2
M1	H2	F2
M3	H2	F2
M0	H2	F2

