1	4
1	8
5	5
6	5
2	5
7	3
7	6
7	9
4	4
4	8
4	7
3	3
3	6
3	9
5	4
